// Jest Snapshot v1, https://goo.gl/fbAQLP

exports[`Header Rendering the simple component 1`] = `ShallowWrapper {}`;
